// Jest Snapshot v1, https://goo.gl/fbAQLP

exports[`RegistrationStep1Page renders correctly 1`] = `
<View
  style={
    {
      "backgroundColor": "#1b1b1b",
    }
  }
>
  <View
    style={
      {
        "height": "100%",
        "left": 0,
        "position": "absolute",
        "right": 0,
        "top": 0,
      }
    }
  >
    <Image
      source={1}
      style={
        {
          "opacity": 0.03,
          "resizeMode": "cover",
        }
      }
    />
  </View>
  <RNCSafeAreaView
    edges={
      {
        "bottom": "additive",
        "left": "additive",
        "right": "additive",
        "top": "additive",
      }
    }
    style={
      [
        {
          "display": "flex",
          "flexDirection": "column",
          "height": "100%",
        },
      ]
    }
  >
    <View>
      <View
        style={
          [
            {
              "height": "100%",
              "paddingLeft": 24,
              "paddingRight": 24,
            },
            [
              {
                "alignItems": "center",
                "display": "flex",
                "flexDirection": "column",
                "justifyContent": "center",
              },
              undefined,
            ],
          ]
        }
      >
        <Text
          style={
            [
              {
                "fontFamily": "Inter_600SemiBold",
              },
              {
                "color": "#fff",
              },
              {
                "fontSize": 20,
                "lineHeight": 28,
              },
              {
                "marginBottom": 24,
              },
            ]
          }
        >
          Set up 
          <Text
            style={
              [
                {
                  "fontFamily": "Inter_600SemiBold",
                },
                {
                  "color": "#fff",
                },
                {
                  "fontSize": 20,
                  "lineHeight": 28,
                },
                undefined,
              ]
            }
          >
            Your Account
          </Text>
        </Text>
        <View
          style={
            [
              {
                "marginBottom": 4,
                "width": "100%",
                "zIndex": 0,
              },
              undefined,
            ]
          }
        >
          <ViewManagerAdapter_ExpoLinearGradient
            colors={
              [
                4278979596,
                4279637526,
              ]
            }
            style={
              {
                "borderRadius": 14,
              }
            }
          >
            <Text
              style={
                [
                  {
                    "fontFamily": "Inter_500Medium",
                  },
                  {
                    "fontSize": 16,
                  },
                  {
                    "color": "#fff",
                  },
                  {
                    "backgroundColor": "#161616",
                    "borderRadius": 4,
                    "color": "#fff",
                    "fontSize": 12,
                    "fontWeight": "normal",
                    "marginLeft": 16,
                    "paddingBottom": 1.6,
                    "paddingLeft": 7.2,
                    "paddingRight": 7.2,
                    "paddingTop": 1.6,
                    "position": "absolute",
                    "top": -12,
                    "zIndex": 10,
                  },
                ]
              }
            >
              Tag
              <Text
                style={
                  [
                    {
                      "fontFamily": "Inter_500Medium",
                    },
                    {
                      "fontSize": 16,
                    },
                    {
                      "color": "#fff",
                    },
                    {
                      "color": "#FFC93F",
                      "fontSize": 12,
                      "marginLeft": 4,
                    },
                  ]
                }
              >
                 *
              </Text>
            </Text>
            <View
              style={
                [
                  {
                    "alignItems": "center",
                    "borderColor": "#fff",
                    "borderWidth": 1,
                    "flexDirection": "row",
                    "justifyContent": "space-between",
                    "paddingBottom": 15,
                    "paddingLeft": 18,
                    "paddingRight": 18,
                    "paddingTop": 13,
                  },
                  false,
                  {
                    "borderRadius": 14,
                  },
                ]
              }
            >
              <TextInput
                autoCapitalize="none"
                blurOnSubmit={false}
                name="tag"
                onBlur={[Function]}
                onChangeText={[Function]}
                onFocus={[Function]}
                onSubmitEditing={[Function]}
                placeholder="e.g. blorppppp"
                placeholderTextColor="#6F6F6F"
                style={
                  [
                    {
                      "fontFamily": "Inter_500Medium",
                    },
                    {
                      "color": "#fff",
                      "display": "flex",
                      "flexBasis": "0%",
                      "flexGrow": 1,
                      "flexShrink": 1,
                      "fontSize": 16,
                    },
                  ]
                }
              />
            </View>
          </ViewManagerAdapter_ExpoLinearGradient>
          <Text
            style={
              [
                {
                  "fontFamily": "Inter_500Medium",
                },
                {
                  "fontSize": 16,
                },
                {
                  "color": "#fff",
                },
                undefined,
              ]
            }
          />
        </View>
        <View
          style={
            [
              {
                "marginBottom": 4,
                "width": "100%",
                "zIndex": 0,
              },
              undefined,
            ]
          }
        >
          <ViewManagerAdapter_ExpoLinearGradient
            colors={
              [
                4278979596,
                4279637526,
              ]
            }
            style={
              {
                "borderRadius": 14,
              }
            }
          >
            <Text
              style={
                [
                  {
                    "fontFamily": "Inter_500Medium",
                  },
                  {
                    "fontSize": 16,
                  },
                  {
                    "color": "#fff",
                  },
                  {
                    "backgroundColor": "#161616",
                    "borderRadius": 4,
                    "color": "#fff",
                    "fontSize": 12,
                    "fontWeight": "normal",
                    "marginLeft": 16,
                    "paddingBottom": 1.6,
                    "paddingLeft": 7.2,
                    "paddingRight": 7.2,
                    "paddingTop": 1.6,
                    "position": "absolute",
                    "top": -12,
                    "zIndex": 10,
                  },
                ]
              }
            >
              First name
              <Text
                style={
                  [
                    {
                      "fontFamily": "Inter_500Medium",
                    },
                    {
                      "fontSize": 16,
                    },
                    {
                      "color": "#fff",
                    },
                    {
                      "color": "#FFC93F",
                      "fontSize": 12,
                      "marginLeft": 4,
                    },
                  ]
                }
              >
                 *
              </Text>
            </Text>
            <View
              style={
                [
                  {
                    "alignItems": "center",
                    "borderColor": "#fff",
                    "borderWidth": 1,
                    "flexDirection": "row",
                    "justifyContent": "space-between",
                    "paddingBottom": 15,
                    "paddingLeft": 18,
                    "paddingRight": 18,
                    "paddingTop": 13,
                  },
                  false,
                  {
                    "borderRadius": 14,
                  },
                ]
              }
            >
              <TextInput
                autoCapitalize="none"
                blurOnSubmit={false}
                name="firstName"
                onBlur={[Function]}
                onChangeText={[Function]}
                onFocus={[Function]}
                onSubmitEditing={[Function]}
                placeholder="John"
                placeholderTextColor="#6F6F6F"
                style={
                  [
                    {
                      "fontFamily": "Inter_500Medium",
                    },
                    {
                      "color": "#fff",
                      "display": "flex",
                      "flexBasis": "0%",
                      "flexGrow": 1,
                      "flexShrink": 1,
                      "fontSize": 16,
                    },
                  ]
                }
              />
            </View>
          </ViewManagerAdapter_ExpoLinearGradient>
          <Text
            style={
              [
                {
                  "fontFamily": "Inter_500Medium",
                },
                {
                  "fontSize": 16,
                },
                {
                  "color": "#fff",
                },
                undefined,
              ]
            }
          />
        </View>
        <View
          style={
            [
              {
                "marginBottom": 4,
                "width": "100%",
                "zIndex": 0,
              },
              undefined,
            ]
          }
        >
          <ViewManagerAdapter_ExpoLinearGradient
            colors={
              [
                4278979596,
                4279637526,
              ]
            }
            style={
              {
                "borderRadius": 14,
              }
            }
          >
            <Text
              style={
                [
                  {
                    "fontFamily": "Inter_500Medium",
                  },
                  {
                    "fontSize": 16,
                  },
                  {
                    "color": "#fff",
                  },
                  {
                    "backgroundColor": "#161616",
                    "borderRadius": 4,
                    "color": "#fff",
                    "fontSize": 12,
                    "fontWeight": "normal",
                    "marginLeft": 16,
                    "paddingBottom": 1.6,
                    "paddingLeft": 7.2,
                    "paddingRight": 7.2,
                    "paddingTop": 1.6,
                    "position": "absolute",
                    "top": -12,
                    "zIndex": 10,
                  },
                ]
              }
            >
              Last name
              <Text
                style={
                  [
                    {
                      "fontFamily": "Inter_500Medium",
                    },
                    {
                      "fontSize": 16,
                    },
                    {
                      "color": "#fff",
                    },
                    {
                      "color": "#FFC93F",
                      "fontSize": 12,
                      "marginLeft": 4,
                    },
                  ]
                }
              >
                 *
              </Text>
            </Text>
            <View
              style={
                [
                  {
                    "alignItems": "center",
                    "borderColor": "#fff",
                    "borderWidth": 1,
                    "flexDirection": "row",
                    "justifyContent": "space-between",
                    "paddingBottom": 15,
                    "paddingLeft": 18,
                    "paddingRight": 18,
                    "paddingTop": 13,
                  },
                  false,
                  {
                    "borderRadius": 14,
                  },
                ]
              }
            >
              <TextInput
                autoCapitalize="none"
                blurOnSubmit={false}
                name="lastName"
                onBlur={[Function]}
                onChangeText={[Function]}
                onFocus={[Function]}
                onSubmitEditing={[Function]}
                placeholder="Doe"
                placeholderTextColor="#6F6F6F"
                style={
                  [
                    {
                      "fontFamily": "Inter_500Medium",
                    },
                    {
                      "color": "#fff",
                      "display": "flex",
                      "flexBasis": "0%",
                      "flexGrow": 1,
                      "flexShrink": 1,
                      "fontSize": 16,
                    },
                  ]
                }
              />
            </View>
          </ViewManagerAdapter_ExpoLinearGradient>
          <Text
            style={
              [
                {
                  "fontFamily": "Inter_500Medium",
                },
                {
                  "fontSize": 16,
                },
                {
                  "color": "#fff",
                },
                undefined,
              ]
            }
          />
        </View>
        <View
          style={
            [
              {
                "marginBottom": 4,
                "width": "100%",
                "zIndex": 0,
              },
              undefined,
            ]
          }
        >
          <ViewManagerAdapter_ExpoLinearGradient
            colors={
              [
                4278979596,
                4279637526,
              ]
            }
            style={
              {
                "borderRadius": 14,
              }
            }
          >
            <Text
              style={
                [
                  {
                    "fontFamily": "Inter_500Medium",
                  },
                  {
                    "fontSize": 16,
                  },
                  {
                    "color": "#fff",
                  },
                  {
                    "backgroundColor": "#161616",
                    "borderRadius": 4,
                    "color": "#fff",
                    "fontSize": 12,
                    "fontWeight": "normal",
                    "marginLeft": 16,
                    "paddingBottom": 1.6,
                    "paddingLeft": 7.2,
                    "paddingRight": 7.2,
                    "paddingTop": 1.6,
                    "position": "absolute",
                    "top": -12,
                    "zIndex": 10,
                  },
                ]
              }
            >
              Bio
            </Text>
            <View
              style={
                [
                  {
                    "alignItems": "center",
                    "borderColor": "#fff",
                    "borderWidth": 1,
                    "flexDirection": "row",
                    "justifyContent": "space-between",
                    "paddingBottom": 15,
                    "paddingLeft": 18,
                    "paddingRight": 18,
                    "paddingTop": 13,
                  },
                  false,
                  {
                    "borderRadius": 14,
                  },
                ]
              }
            >
              <TextInput
                autoCapitalize="none"
                blurOnSubmit={false}
                name="bio"
                onBlur={[Function]}
                onChangeText={[Function]}
                onFocus={[Function]}
                onSubmitEditing={[Function]}
                placeholder="e.g. I love smash"
                placeholderTextColor="#6F6F6F"
                style={
                  [
                    {
                      "fontFamily": "Inter_500Medium",
                    },
                    {
                      "color": "#fff",
                      "display": "flex",
                      "flexBasis": "0%",
                      "flexGrow": 1,
                      "flexShrink": 1,
                      "fontSize": 16,
                    },
                  ]
                }
              />
            </View>
          </ViewManagerAdapter_ExpoLinearGradient>
          <Text
            style={
              [
                {
                  "fontFamily": "Inter_500Medium",
                },
                {
                  "fontSize": 16,
                },
                {
                  "color": "#fff",
                },
                undefined,
              ]
            }
          />
        </View>
        <View
          style={
            [
              {
                "marginBottom": 4,
                "width": "100%",
                "zIndex": 0,
              },
              undefined,
            ]
          }
        >
          <ViewManagerAdapter_ExpoLinearGradient
            colors={
              [
                4278979596,
                4279637526,
              ]
            }
            style={
              {
                "borderRadius": 14,
              }
            }
          >
            <Text
              style={
                [
                  {
                    "fontFamily": "Inter_500Medium",
                  },
                  {
                    "fontSize": 16,
                  },
                  {
                    "color": "#fff",
                  },
                  {
                    "backgroundColor": "#161616",
                    "borderRadius": 4,
                    "color": "#fff",
                    "fontSize": 12,
                    "fontWeight": "normal",
                    "marginLeft": 16,
                    "paddingBottom": 1.6,
                    "paddingLeft": 7.2,
                    "paddingRight": 7.2,
                    "paddingTop": 1.6,
                    "position": "absolute",
                    "top": -12,
                    "zIndex": 10,
                  },
                ]
              }
            >
              Pronouns
            </Text>
            <View
              style={
                [
                  {
                    "alignItems": "center",
                    "borderColor": "#fff",
                    "borderWidth": 1,
                    "flexDirection": "row",
                    "justifyContent": "space-between",
                    "paddingBottom": 15,
                    "paddingLeft": 18,
                    "paddingRight": 18,
                    "paddingTop": 13,
                  },
                  false,
                  {
                    "borderRadius": 14,
                  },
                ]
              }
            >
              <TextInput
                autoCapitalize="none"
                blurOnSubmit={false}
                name="pronouns"
                onBlur={[Function]}
                onChangeText={[Function]}
                onFocus={[Function]}
                onSubmitEditing={[Function]}
                placeholder="e.g. they/them"
                placeholderTextColor="#6F6F6F"
                style={
                  [
                    {
                      "fontFamily": "Inter_500Medium",
                    },
                    {
                      "color": "#fff",
                      "display": "flex",
                      "flexBasis": "0%",
                      "flexGrow": 1,
                      "flexShrink": 1,
                      "fontSize": 16,
                    },
                  ]
                }
              />
            </View>
          </ViewManagerAdapter_ExpoLinearGradient>
          <Text
            style={
              [
                {
                  "fontFamily": "Inter_500Medium",
                },
                {
                  "fontSize": 16,
                },
                {
                  "color": "#fff",
                },
                undefined,
              ]
            }
          />
        </View>
        <View
          style={
            [
              {
                "marginBottom": 16,
              },
              {
                "width": "100%",
              },
            ]
          }
        >
          <ViewManagerAdapter_ExpoLinearGradient
            colors={
              [
                4293899034,
                4294953798,
              ]
            }
            style={
              [
                {
                  "backgroundColor": "rgba(56, 52, 42, 0.38)",
                },
                {
                  "borderRadius": 10,
                },
              ]
            }
          >
            <View
              accessibilityState={
                {
                  "busy": undefined,
                  "checked": undefined,
                  "disabled": undefined,
                  "expanded": undefined,
                  "selected": undefined,
                }
              }
              accessibilityValue={
                {
                  "max": undefined,
                  "min": undefined,
                  "now": undefined,
                  "text": undefined,
                }
              }
              accessible={true}
              collapsable={false}
              focusable={true}
              onBlur={[Function]}
              onClick={[Function]}
              onFocus={[Function]}
              onResponderGrant={[Function]}
              onResponderMove={[Function]}
              onResponderRelease={[Function]}
              onResponderTerminate={[Function]}
              onResponderTerminationRequest={[Function]}
              onStartShouldSetResponder={[Function]}
              style={
                [
                  {
                    "alignItems": "center",
                    "borderWidth": 2,
                    "color": "#000",
                    "display": "flex",
                    "flexDirection": "row",
                    "justifyContent": "center",
                    "paddingBottom": 15,
                    "paddingLeft": 24,
                    "paddingRight": 24,
                    "paddingTop": 13,
                  },
                  {
                    "borderColor": "#ffd978",
                  },
                  false,
                  false,
                  false,
                  {
                    "borderRadius": 10,
                  },
                  undefined,
                ]
              }
            >
              <Text
                style={
                  [
                    {
                      "fontFamily": "Inter_500Medium",
                    },
                    {
                      "fontSize": 16,
                    },
                    {
                      "color": "#fff",
                    },
                    [
                      {
                        "color": "#000",
                      },
                      false,
                      {
                        "fontSize": 14,
                        "lineHeight": 20,
                      },
                    ],
                  ]
                }
              >
                Next: Set up Location
              </Text>
            </View>
          </ViewManagerAdapter_ExpoLinearGradient>
        </View>
      </View>
    </View>
  </RNCSafeAreaView>
</View>
`;
